Started
[32m.[0m[32m.[0m[32m.[0m[32m.[0m[32m.[0m[32m.[0m[32m.[0m[32m.[0m[32m.[0m[32m.[0m[32m.[0m[32m.[0m[32m.[0m[32m.[0m[32m.[0m[32m.[0m[32m.[0m[32m.[0m[32m.[0m[32m.[0m[32m.[0m[32m.[0m[32m.[0m[32m.[0mreceived 'REGISTER;client' from 127.0.0.1:51188
handleMessage 'REGISTER' 'client' from 127.0.0.1:51188
sending 'REGISTERED' to client (127.0.0.1:51188)
[32m.[0m[testClient] sending REGISTER;testClient
[testClient] waiting for REGISTERED
received 'REGISTER;testClient' from 127.0.0.1:53100
handleMessage 'REGISTER' 'testClient' from 127.0.0.1:53100
sending 'REGISTERED' to testClient (127.0.0.1:53100)
[testClient] received REGISTERED
sending 'ROUND STARTING;a1775b3d-8b1b-49d1-b3c7-252f29f0f1a7' to testClient (127.0.0.1:53100)
[testClient] waiting for ROUND STARTING
[testClient] received ROUND STARTING;a1775b3d-8b1b-49d1-b3c7-252f29f0f1a7
[testClient] waiting for ROUND CANCELED;NO_PLAYERS
sending 'ROUND CANCELED;NO_PLAYERS' to testClient (127.0.0.1:53100)
sending 'SCORE;' to testClient (127.0.0.1:53100)
sending 'ROUND STARTING;5d5d5118-84fe-49d0-a9bc-2786d52e2a4e' to testClient (127.0.0.1:53100)
[testClient] received ROUND CANCELED;NO_PLAYERS
[testClient] received SCORE;
[testClient] received ROUND STARTING;5d5d5118-84fe-49d0-a9bc-2786d52e2a4e
[testClient] waiting for ROUND STARTING
[32m.[0mreceived 'REGISTER_SPECTATOR;theSpectator' from 127.0.0.1:45990
handleMessage 'REGISTER_SPECTATOR' 'theSpectator' from 127.0.0.1:45990
sending 'REGISTERED' to theSpectator (127.0.0.1:45990)
[thePlayer] sending REGISTER;thePlayer
[thePlayer] waiting for REGISTERED
received 'REGISTER;thePlayer' from 127.0.0.1:43758
handleMessage 'REGISTER' 'thePlayer' from 127.0.0.1:43758
sending 'REGISTERED' to thePlayer (127.0.0.1:43758)
[thePlayer] received REGISTERED
sending 'ROUND STARTING;b967a405-4cb5-4cde-94f2-b852de408f99' to thePlayer (127.0.0.1:43758)
[thePlayer] waiting for ROUND STARTING
[thePlayer] received ROUND STARTING;b967a405-4cb5-4cde-94f2-b852de408f99
[thePlayer] sending JOIN;b967a405-4cb5-4cde-94f2-b852de408f99
[thePlayer] waiting for ROUND STARTED;1;thePlayer
received 'JOIN;b967a405-4cb5-4cde-94f2-b852de408f99' from 127.0.0.1:43758
handleMessage 'JOIN' 'b967a405-4cb5-4cde-94f2-b852de408f99' from 127.0.0.1:43758
sending 'ROUND STARTED;1;thePlayer' to theSpectator (127.0.0.1:45990)
sending 'ROUND STARTED;1;thePlayer' to thePlayer (127.0.0.1:43758)
sending 'ROUND CANCELED;ONLY_ONE_PLAYER' to theSpectator (127.0.0.1:45990)
sending 'ROUND CANCELED;ONLY_ONE_PLAYER' to thePlayer (127.0.0.1:43758)
sending 'SCORE;thePlayer:1' to theSpectator (127.0.0.1:45990)
sending 'SCORE;thePlayer:1' to thePlayer (127.0.0.1:43758)
sending 'ROUND STARTING;e5831d99-6a69-443c-bb4a-dc1f5008cff1' to thePlayer (127.0.0.1:43758)
[thePlayer] received ROUND STARTED;1;thePlayer
[thePlayer] received ROUND CANCELED;ONLY_ONE_PLAYER
[thePlayer] received SCORE;thePlayer:1
[thePlayer] received ROUND STARTING;e5831d99-6a69-443c-bb4a-dc1f5008cff1
[32m.[0m[thePlayer] sending REGISTER;thePlayer
[thePlayer] waiting for REGISTERED
received 'REGISTER;thePlayer' from 127.0.0.1:42778
handleMessage 'REGISTER' 'thePlayer' from 127.0.0.1:42778
sending 'REGISTERED' to thePlayer (127.0.0.1:42778)
[thePlayer] received REGISTERED
sending 'ROUND STARTING;012f6ad4-6808-4a59-ac4d-82abe40f7c91' to thePlayer (127.0.0.1:42778)
[thePlayer] waiting for ROUND STARTING
[thePlayer] received ROUND STARTING;012f6ad4-6808-4a59-ac4d-82abe40f7c91
[thePlayer] sending JOIN;012f6ad4-6808-4a59-ac4d-82abe40f7c91
[thePlayer] waiting for ROUND STARTED;1;thePlayer
received 'JOIN;012f6ad4-6808-4a59-ac4d-82abe40f7c91' from 127.0.0.1:42778
handleMessage 'JOIN' '012f6ad4-6808-4a59-ac4d-82abe40f7c91' from 127.0.0.1:42778
sending 'ROUND STARTED;1;thePlayer' to thePlayer (127.0.0.1:42778)
sending 'ROUND CANCELED;ONLY_ONE_PLAYER' to thePlayer (127.0.0.1:42778)
sending 'SCORE;thePlayer:1' to thePlayer (127.0.0.1:42778)
sending 'ROUND STARTING;0c7070ec-17c6-4d15-a46e-9b7bb3e4aab0' to thePlayer (127.0.0.1:42778)
[thePlayer] received ROUND STARTED;1;thePlayer
[thePlayer] received ROUND CANCELED;ONLY_ONE_PLAYER
[thePlayer] received SCORE;thePlayer:1
[thePlayer] received ROUND STARTING;0c7070ec-17c6-4d15-a46e-9b7bb3e4aab0
[thePlayer] waiting for ROUND CANCELED;ONLY_ONE_PLAYER
[thePlayer] waiting for SCORE;thePlayer:1
[thePlayer] waiting for ROUND STARTING
[32m.[0m[thePlayer] sending REGISTER;thePlayer
[thePlayer] waiting for REGISTERED
received 'REGISTER;thePlayer' from 127.0.0.1:47842
handleMessage 'REGISTER' 'thePlayer' from 127.0.0.1:47842
sending 'REGISTERED' to thePlayer (127.0.0.1:47842)
[thePlayer] received REGISTERED
[theOtherPlayer] sending REGISTER;theOtherPlayer
[theOtherPlayer] waiting for REGISTERED
received 'REGISTER;theOtherPlayer' from 127.0.0.1:47032
handleMessage 'REGISTER' 'theOtherPlayer' from 127.0.0.1:47032
sending 'REGISTERED' to theOtherPlayer (127.0.0.1:47032)
[theOtherPlayer] received REGISTERED
sending 'ROUND STARTING;ee5fe7d0-a079-47d3-b220-154bc403af7c' to thePlayer (127.0.0.1:47842)
sending 'ROUND STARTING;f91d7e0d-8fc9-476d-84b4-eb42e2cd0eb4' to theOtherPlayer (127.0.0.1:47032)
[theOtherPlayer] waiting for ROUND STARTING
[theOtherPlayer] received ROUND STARTING;f91d7e0d-8fc9-476d-84b4-eb42e2cd0eb4
[thePlayer] received ROUND STARTING;ee5fe7d0-a079-47d3-b220-154bc403af7c
[theOtherPlayer] sending JOIN;f91d7e0d-8fc9-476d-84b4-eb42e2cd0eb4
[thePlayer] waiting for ROUND STARTING
[thePlayer] sending JOIN;ee5fe7d0-a079-47d3-b220-154bc403af7c
[thePlayer] sending REGISTER;thePlayer
[thePlayer] waiting for REGISTERED
received 'REGISTER;thePlayer' from 127.0.0.1:55272
handleMessage 'REGISTER' 'thePlayer' from 127.0.0.1:55272
sending 'REGISTERED' to thePlayer (127.0.0.1:55272)
received 'JOIN;ee5fe7d0-a079-47d3-b220-154bc403af7c' from 127.0.0.1:47842
handleMessage 'JOIN' 'ee5fe7d0-a079-47d3-b220-154bc403af7c' from 127.0.0.1:47842
received 'JOIN;f91d7e0d-8fc9-476d-84b4-eb42e2cd0eb4' from 127.0.0.1:47032
handleMessage 'JOIN' 'f91d7e0d-8fc9-476d-84b4-eb42e2cd0eb4' from 127.0.0.1:47032
sorted players: theOtherPlayer,thePlayer
sending 'ROUND STARTED;1;theOtherPlayer,thePlayer' to theOtherPlayer (127.0.0.1:47032)
sending 'ROUND STARTED;1;theOtherPlayer,thePlayer' to thePlayer (127.0.0.1:55272)
sending 'YOUR TURN;c49b5b0d-8897-407e-b2f6-59290842fc11' to theOtherPlayer (127.0.0.1:47032)
[theOtherPlayer] received ROUND STARTED;1;theOtherPlayer,thePlayer
[theOtherPlayer] received YOUR TURN;c49b5b0d-8897-407e-b2f6-59290842fc11
[thePlayer] received REGISTERED
[thePlayer] received ROUND STARTED;1;theOtherPlayer,thePlayer
[theOtherPlayer] waiting for YOUR TURN
[theOtherPlayer] sending ROLL;c49b5b0d-8897-407e-b2f6-59290842fc11
[theOtherPlayer] waiting for ROLLED;3,1
received 'ROLL;c49b5b0d-8897-407e-b2f6-59290842fc11' from 127.0.0.1:47032
handleMessage 'ROLL' 'c49b5b0d-8897-407e-b2f6-59290842fc11' from 127.0.0.1:47032
sending 'PLAYER ROLLS;theOtherPlayer' to theOtherPlayer (127.0.0.1:47032)
sending 'PLAYER ROLLS;theOtherPlayer' to thePlayer (127.0.0.1:55272)
sending 'ROLLED;3,1;feb36a1f-87fc-46f8-82cd-5e37f757cff8' to theOtherPlayer (127.0.0.1:47032)
[thePlayer] received PLAYER ROLLS;theOtherPlayer
[theOtherPlayer] received PLAYER ROLLS;theOtherPlayer
[theOtherPlayer] received ROLLED;3,1;feb36a1f-87fc-46f8-82cd-5e37f757cff8
[theOtherPlayer] sending ANNOUNCE;6,6;feb36a1f-87fc-46f8-82cd-5e37f757cff8
[thePlayer] waiting for YOUR TURN
received 'ANNOUNCE;6,6;feb36a1f-87fc-46f8-82cd-5e37f757cff8' from 127.0.0.1:47032
handleMessage 'ANNOUNCE' '6,6,feb36a1f-87fc-46f8-82cd-5e37f757cff8' from 127.0.0.1:47032
sending 'ANNOUNCED;theOtherPlayer;6,6' to theOtherPlayer (127.0.0.1:47032)
sending 'ANNOUNCED;theOtherPlayer;6,6' to thePlayer (127.0.0.1:55272)
sending 'YOUR TURN;bfef31db-2aff-4030-9dab-914d15695e68' to thePlayer (127.0.0.1:47842)
[thePlayer] received YOUR TURN;bfef31db-2aff-4030-9dab-914d15695e68
[thePlayer] received ANNOUNCED;theOtherPlayer;6,6
[theOtherPlayer] received ANNOUNCED;theOtherPlayer;6,6
[thePlayer] sending SEE;bfef31db-2aff-4030-9dab-914d15695e68
[theOtherPlayer] waiting for ROUND STARTING
received 'SEE;bfef31db-2aff-4030-9dab-914d15695e68' from 127.0.0.1:47842
handleMessage 'SEE' 'bfef31db-2aff-4030-9dab-914d15695e68' from 127.0.0.1:47842
sending 'PLAYER WANTS TO SEE;thePlayer' to theOtherPlayer (127.0.0.1:47032)
sending 'PLAYER WANTS TO SEE;thePlayer' to thePlayer (127.0.0.1:55272)
sending 'ACTUAL DICE;3,1' to theOtherPlayer (127.0.0.1:47032)
sending 'ACTUAL DICE;3,1' to thePlayer (127.0.0.1:55272)
sending 'PLAYER LOST;theOtherPlayer;CAUGHT_BLUFFING' to theOtherPlayer (127.0.0.1:47032)
sending 'PLAYER LOST;theOtherPlayer;CAUGHT_BLUFFING' to thePlayer (127.0.0.1:55272)
sending 'SCORE;theOtherPlayer:0,thePlayer:1' to theOtherPlayer (127.0.0.1:47032)
sending 'SCORE;theOtherPlayer:0,thePlayer:1' to thePlayer (127.0.0.1:55272)
sending 'ROUND STARTING;488a1c9d-b5ce-4cb3-891e-cc9f4b5620fc' to theOtherPlayer (127.0.0.1:47032)
sending 'ROUND STARTING;e9ad3c22-3e95-4654-a2dc-3b10bc1642fa' to thePlayer (127.0.0.1:55272)
[thePlayer] received PLAYER WANTS TO SEE;thePlayer
[thePlayer] received ACTUAL DICE;3,1
[thePlayer] received PLAYER LOST;theOtherPlayer;CAUGHT_BLUFFING
[thePlayer] received SCORE;theOtherPlayer:0,thePlayer:1
[thePlayer] received ROUND STARTING;e9ad3c22-3e95-4654-a2dc-3b10bc1642fa
[theOtherPlayer] received PLAYER WANTS TO SEE;thePlayer
[theOtherPlayer] received ACTUAL DICE;3,1
[theOtherPlayer] received PLAYER LOST;theOtherPlayer;CAUGHT_BLUFFING
[theOtherPlayer] received SCORE;theOtherPlayer:0,thePlayer:1
[theOtherPlayer] received ROUND STARTING;488a1c9d-b5ce-4cb3-891e-cc9f4b5620fc
[theOtherPlayer] sending JOIN;488a1c9d-b5ce-4cb3-891e-cc9f4b5620fc
[thePlayer] waiting for ROUND STARTING
[thePlayer] sending JOIN;e9ad3c22-3e95-4654-a2dc-3b10bc1642fa
[theOtherPlayer] waiting for YOUR TURN
received 'JOIN;488a1c9d-b5ce-4cb3-891e-cc9f4b5620fc' from 127.0.0.1:47032
handleMessage 'JOIN' '488a1c9d-b5ce-4cb3-891e-cc9f4b5620fc' from 127.0.0.1:47032
received 'JOIN;e9ad3c22-3e95-4654-a2dc-3b10bc1642fa' from 127.0.0.1:55272
handleMessage 'JOIN' 'e9ad3c22-3e95-4654-a2dc-3b10bc1642fa' from 127.0.0.1:55272
sorted players: theOtherPlayer,thePlayer
sending 'ROUND STARTED;2;theOtherPlayer,thePlayer' to theOtherPlayer (127.0.0.1:47032)
sending 'ROUND STARTED;2;theOtherPlayer,thePlayer' to thePlayer (127.0.0.1:55272)
sending 'YOUR TURN;924fc9d6-b58f-4c89-ba92-9568a6e215b6' to theOtherPlayer (127.0.0.1:47032)
[thePlayer] received ROUND STARTED;2;theOtherPlayer,thePlayer
[theOtherPlayer] received ROUND STARTED;2;theOtherPlayer,thePlayer
[theOtherPlayer] received YOUR TURN;924fc9d6-b58f-4c89-ba92-9568a6e215b6
[theOtherPlayer] sending ROLL;924fc9d6-b58f-4c89-ba92-9568a6e215b6
[theOtherPlayer] waiting for ROLLED;3,1
received 'ROLL;924fc9d6-b58f-4c89-ba92-9568a6e215b6' from 127.0.0.1:47032
handleMessage 'ROLL' '924fc9d6-b58f-4c89-ba92-9568a6e215b6' from 127.0.0.1:47032
sending 'PLAYER ROLLS;theOtherPlayer' to theOtherPlayer (127.0.0.1:47032)
sending 'PLAYER ROLLS;theOtherPlayer' to thePlayer (127.0.0.1:55272)
sending 'ROLLED;3,1;92281e6e-a25f-4bc8-af54-3805794707e4' to theOtherPlayer (127.0.0.1:47032)
[thePlayer] received PLAYER ROLLS;theOtherPlayer
[theOtherPlayer] received PLAYER ROLLS;theOtherPlayer
[theOtherPlayer] received ROLLED;3,1;92281e6e-a25f-4bc8-af54-3805794707e4
[theOtherPlayer] sending ANNOUNCE;6,6;92281e6e-a25f-4bc8-af54-3805794707e4
[thePlayer] waiting for YOUR TURN
received 'ANNOUNCE;6,6;92281e6e-a25f-4bc8-af54-3805794707e4' from 127.0.0.1:47032
handleMessage 'ANNOUNCE' '6,6,92281e6e-a25f-4bc8-af54-3805794707e4' from 127.0.0.1:47032
sending 'ANNOUNCED;theOtherPlayer;6,6' to theOtherPlayer (127.0.0.1:47032)
sending 'ANNOUNCED;theOtherPlayer;6,6' to thePlayer (127.0.0.1:55272)
sending 'YOUR TURN;5c7423b1-2746-4a63-977f-ef54c2c62b7d' to thePlayer (127.0.0.1:55272)
[thePlayer] received ANNOUNCED;theOtherPlayer;6,6
[thePlayer] received YOUR TURN;5c7423b1-2746-4a63-977f-ef54c2c62b7d
[theOtherPlayer] received ANNOUNCED;theOtherPlayer;6,6
[thePlayer] sending SEE;5c7423b1-2746-4a63-977f-ef54c2c62b7d
[thePlayer] waiting for SCORE;theOtherPlayer:0,thePlayer:2
received 'SEE;5c7423b1-2746-4a63-977f-ef54c2c62b7d' from 127.0.0.1:55272
handleMessage 'SEE' '5c7423b1-2746-4a63-977f-ef54c2c62b7d' from 127.0.0.1:55272
sending 'PLAYER WANTS TO SEE;thePlayer' to theOtherPlayer (127.0.0.1:47032)
sending 'PLAYER WANTS TO SEE;thePlayer' to thePlayer (127.0.0.1:55272)
sending 'ACTUAL DICE;3,1' to theOtherPlayer (127.0.0.1:47032)
sending 'ACTUAL DICE;3,1' to thePlayer (127.0.0.1:55272)
sending 'PLAYER LOST;theOtherPlayer;CAUGHT_BLUFFING' to theOtherPlayer (127.0.0.1:47032)
sending 'PLAYER LOST;theOtherPlayer;CAUGHT_BLUFFING' to thePlayer (127.0.0.1:55272)
sending 'SCORE;theOtherPlayer:0,thePlayer:2' to theOtherPlayer (127.0.0.1:47032)
sending 'SCORE;theOtherPlayer:0,thePlayer:2' to thePlayer (127.0.0.1:55272)
sending 'ROUND STARTING;9509b06d-0726-4590-a132-03df3c0fd39f' to theOtherPlayer (127.0.0.1:47032)
sending 'ROUND STARTING;3be4ee90-1ac1-42d4-9aa8-c5737d1b3970' to thePlayer (127.0.0.1:55272)
[thePlayer] received PLAYER WANTS TO SEE;thePlayer
[thePlayer] received ACTUAL DICE;3,1
[thePlayer] received PLAYER LOST;theOtherPlayer;CAUGHT_BLUFFING
[thePlayer] received SCORE;theOtherPlayer:0,thePlayer:2
[thePlayer] received ROUND STARTING;3be4ee90-1ac1-42d4-9aa8-c5737d1b3970
[theOtherPlayer] received PLAYER WANTS TO SEE;thePlayer
[theOtherPlayer] received ACTUAL DICE;3,1
[theOtherPlayer] received PLAYER LOST;theOtherPlayer;CAUGHT_BLUFFING
[theOtherPlayer] received SCORE;theOtherPlayer:0,thePlayer:2
[theOtherPlayer] received ROUND STARTING;9509b06d-0726-4590-a132-03df3c0fd39f
[32m.[0m[client1] sending REGISTER;client1
[client1] waiting for REGISTERED
received 'REGISTER;client1' from 127.0.0.1:52154
handleMessage 'REGISTER' 'client1' from 127.0.0.1:52154
sending 'REGISTERED' to client1 (127.0.0.1:52154)
[client1] received REGISTERED
[client2] sending REGISTER;client2
[client2] waiting for REGISTERED
received 'REGISTER;client2' from 127.0.0.1:49164
handleMessage 'REGISTER' 'client2' from 127.0.0.1:49164
sending 'REGISTERED' to client2 (127.0.0.1:49164)
[client2] received REGISTERED
sending 'ROUND STARTING;18355c17-a8c2-4c47-90fd-51502a31994e' to client1 (127.0.0.1:52154)
sending 'ROUND STARTING;ac2cc76c-476e-4e20-a0b0-79310af8eeeb' to client2 (127.0.0.1:49164)
[client1] waiting for ROUND STARTING
[client2] received ROUND STARTING;ac2cc76c-476e-4e20-a0b0-79310af8eeeb
[client1] received ROUND STARTING;18355c17-a8c2-4c47-90fd-51502a31994e
[client2] waiting for ROUND STARTING
[client1] sending JOIN;18355c17-a8c2-4c47-90fd-51502a31994e
[client2] sending JOIN;ac2cc76c-476e-4e20-a0b0-79310af8eeeb
[client1] waiting for ROUND STARTED;1;client1,client2
received 'JOIN;ac2cc76c-476e-4e20-a0b0-79310af8eeeb' from 127.0.0.1:49164
handleMessage 'JOIN' 'ac2cc76c-476e-4e20-a0b0-79310af8eeeb' from 127.0.0.1:49164
received 'JOIN;18355c17-a8c2-4c47-90fd-51502a31994e' from 127.0.0.1:52154
handleMessage 'JOIN' '18355c17-a8c2-4c47-90fd-51502a31994e' from 127.0.0.1:52154
sorted players: client1,client2
sending 'ROUND STARTED;1;client1,client2' to client1 (127.0.0.1:52154)
sending 'ROUND STARTED;1;client1,client2' to client2 (127.0.0.1:49164)
sending 'YOUR TURN;8837ea49-7eca-40ef-9039-5303d5abd3d7' to client1 (127.0.0.1:52154)
[client2] received ROUND STARTED;1;client1,client2
[client1] received ROUND STARTED;1;client1,client2
[client1] received YOUR TURN;8837ea49-7eca-40ef-9039-5303d5abd3d7
[client2] waiting for ROUND STARTED;1;client1,client2
[client1] waiting for YOUR TURN
[client1] sending ROLL;8837ea49-7eca-40ef-9039-5303d5abd3d7
[client1] waiting for PLAYER ROLLS;client1
received 'ROLL;8837ea49-7eca-40ef-9039-5303d5abd3d7' from 127.0.0.1:52154
handleMessage 'ROLL' '8837ea49-7eca-40ef-9039-5303d5abd3d7' from 127.0.0.1:52154
sending 'PLAYER ROLLS;client1' to client1 (127.0.0.1:52154)
sending 'PLAYER ROLLS;client1' to client2 (127.0.0.1:49164)
sending 'ROLLED;6,6;009795c8-d4eb-4a9a-a2cf-06c3abed05a1' to client1 (127.0.0.1:52154)
[client2] received PLAYER ROLLS;client1
[client1] received PLAYER ROLLS;client1
[client1] received ROLLED;6,6;009795c8-d4eb-4a9a-a2cf-06c3abed05a1
[client2] waiting for PLAYER ROLLS;client1
[client1] waiting for ROLLED;6,6
[client1] sending ANNOUNCE;6,6;009795c8-d4eb-4a9a-a2cf-06c3abed05a1
[client1] waiting for ANNOUNCED;client1;6,6
received 'ANNOUNCE;6,6;009795c8-d4eb-4a9a-a2cf-06c3abed05a1' from 127.0.0.1:52154
handleMessage 'ANNOUNCE' '6,6,009795c8-d4eb-4a9a-a2cf-06c3abed05a1' from 127.0.0.1:52154
sending 'ANNOUNCED;client1;6,6' to client1 (127.0.0.1:52154)
sending 'ANNOUNCED;client1;6,6' to client2 (127.0.0.1:49164)
sending 'YOUR TURN;e07b5d9f-f1d4-414b-aeb4-21f8bd4d64aa' to client2 (127.0.0.1:49164)
[client2] received ANNOUNCED;client1;6,6
[client2] received YOUR TURN;e07b5d9f-f1d4-414b-aeb4-21f8bd4d64aa
[client1] received ANNOUNCED;client1;6,6
[client2] waiting for ANNOUNCED;client1;6,6
[client2] waiting for YOUR TURN
[client2] sending SEE;e07b5d9f-f1d4-414b-aeb4-21f8bd4d64aa
[client1] waiting for PLAYER WANTS TO SEE;client2
received 'SEE;e07b5d9f-f1d4-414b-aeb4-21f8bd4d64aa' from 127.0.0.1:49164
handleMessage 'SEE' 'e07b5d9f-f1d4-414b-aeb4-21f8bd4d64aa' from 127.0.0.1:49164
sending 'PLAYER WANTS TO SEE;client2' to client1 (127.0.0.1:52154)
sending 'PLAYER WANTS TO SEE;client2' to client2 (127.0.0.1:49164)
sending 'ACTUAL DICE;6,6' to client1 (127.0.0.1:52154)
sending 'ACTUAL DICE;6,6' to client2 (127.0.0.1:49164)
sending 'PLAYER LOST;client2;SEE_FAILED' to client1 (127.0.0.1:52154)
sending 'PLAYER LOST;client2;SEE_FAILED' to client2 (127.0.0.1:49164)
sending 'SCORE;client1:1,client2:0' to client1 (127.0.0.1:52154)
sending 'SCORE;client1:1,client2:0' to client2 (127.0.0.1:49164)
sending 'ROUND STARTING;7bf4c94c-4de2-4937-8a63-02c0b32c2045' to client1 (127.0.0.1:52154)
sending 'ROUND STARTING;87a173ad-ca11-4637-926b-685abac097fa' to client2 (127.0.0.1:49164)
[client2] received PLAYER WANTS TO SEE;client2
[client2] received ACTUAL DICE;6,6
[client2] received PLAYER LOST;client2;SEE_FAILED
[client2] received SCORE;client1:1,client2:0
[client2] received ROUND STARTING;87a173ad-ca11-4637-926b-685abac097fa
[client1] received PLAYER WANTS TO SEE;client2
[client1] received ACTUAL DICE;6,6
[client1] received PLAYER LOST;client2;SEE_FAILED
[client1] received SCORE;client1:1,client2:0
[client1] received ROUND STARTING;7bf4c94c-4de2-4937-8a63-02c0b32c2045
[client2] waiting for PLAYER WANTS TO SEE;client2
[client1] waiting for ACTUAL DICE;6,6
[client2] waiting for ACTUAL DICE;6,6
[client1] waiting for PLAYER LOST;client2;SEE_FAILED
[client2] waiting for PLAYER LOST;client2;SEE_FAILED
[client1] waiting for SCORE;client1:1,client2:0
[client2] waiting for SCORE;client1:1,client2:0
[32m.[0m[client1] sending REGISTER;client1
[client1] waiting for REGISTERED
received 'REGISTER;client1' from 127.0.0.1:58736
handleMessage 'REGISTER' 'client1' from 127.0.0.1:58736
sending 'REGISTERED' to client1 (127.0.0.1:58736)
[client1] received REGISTERED
[client2] sending REGISTER;client2
[client2] waiting for REGISTERED
received 'REGISTER;client2' from 127.0.0.1:48606
handleMessage 'REGISTER' 'client2' from 127.0.0.1:48606
sending 'REGISTERED' to client2 (127.0.0.1:48606)
[client2] received REGISTERED
sending 'ROUND STARTING;9684473f-09e6-42f6-a150-2f1372e5c315' to client1 (127.0.0.1:58736)
sending 'ROUND STARTING;19691b83-af2c-4b21-90ff-77d8f9bec12b' to client2 (127.0.0.1:48606)
[client1] waiting for ROUND STARTING
[client2] received ROUND STARTING;19691b83-af2c-4b21-90ff-77d8f9bec12b
[client1] received ROUND STARTING;9684473f-09e6-42f6-a150-2f1372e5c315
[client2] waiting for ROUND STARTING
[client1] sending JOIN;9684473f-09e6-42f6-a150-2f1372e5c315
[client2] sending JOIN;19691b83-af2c-4b21-90ff-77d8f9bec12b
[client1] waiting for ROUND STARTED;1;client1,client2
received 'JOIN;9684473f-09e6-42f6-a150-2f1372e5c315' from 127.0.0.1:58736
handleMessage 'JOIN' '9684473f-09e6-42f6-a150-2f1372e5c315' from 127.0.0.1:58736
received 'JOIN;19691b83-af2c-4b21-90ff-77d8f9bec12b' from 127.0.0.1:48606
handleMessage 'JOIN' '19691b83-af2c-4b21-90ff-77d8f9bec12b' from 127.0.0.1:48606
sorted players: client1,client2
sending 'ROUND STARTED;1;client1,client2' to client1 (127.0.0.1:58736)
sending 'ROUND STARTED;1;client1,client2' to client2 (127.0.0.1:48606)
sending 'YOUR TURN;ceab6aec-1e5f-4558-9e60-77ebf641b191' to client1 (127.0.0.1:58736)
[client2] received ROUND STARTED;1;client1,client2
[client1] received ROUND STARTED;1;client1,client2
[client1] received YOUR TURN;ceab6aec-1e5f-4558-9e60-77ebf641b191
[client2] waiting for ROUND STARTED;1;client1,client2
[client1] waiting for YOUR TURN
[client1] sending ROLL;ceab6aec-1e5f-4558-9e60-77ebf641b191
[client1] waiting for ROLLED;4,4
received 'ROLL;ceab6aec-1e5f-4558-9e60-77ebf641b191' from 127.0.0.1:58736
handleMessage 'ROLL' 'ceab6aec-1e5f-4558-9e60-77ebf641b191' from 127.0.0.1:58736
sending 'PLAYER ROLLS;client1' to client1 (127.0.0.1:58736)
sending 'PLAYER ROLLS;client1' to client2 (127.0.0.1:48606)
sending 'ROLLED;4,4;04006f48-d9a6-4e94-b747-ee51c8e77c9d' to client1 (127.0.0.1:58736)
[client2] received PLAYER ROLLS;client1
[client1] received PLAYER ROLLS;client1
[client1] received ROLLED;4,4;04006f48-d9a6-4e94-b747-ee51c8e77c9d
[client1] sending ANNOUNCE;6,6;04006f48-d9a6-4e94-b747-ee51c8e77c9d
[client1] waiting for ANNOUNCED;client1;6,6
received 'ANNOUNCE;6,6;04006f48-d9a6-4e94-b747-ee51c8e77c9d' from 127.0.0.1:58736
handleMessage 'ANNOUNCE' '6,6,04006f48-d9a6-4e94-b747-ee51c8e77c9d' from 127.0.0.1:58736
sending 'ANNOUNCED;client1;6,6' to client1 (127.0.0.1:58736)
sending 'ANNOUNCED;client1;6,6' to client2 (127.0.0.1:48606)
sending 'YOUR TURN;1a15ed29-3582-45cf-a403-55beb787a74d' to client2 (127.0.0.1:48606)
[client2] received ANNOUNCED;client1;6,6
[client2] received YOUR TURN;1a15ed29-3582-45cf-a403-55beb787a74d
[client1] received ANNOUNCED;client1;6,6
[client2] waiting for ANNOUNCED;client1;6,6
[client2] waiting for YOUR TURN
[client2] sending SEE;1a15ed29-3582-45cf-a403-55beb787a74d
[client1] waiting for ACTUAL DICE;4,4
received 'SEE;1a15ed29-3582-45cf-a403-55beb787a74d' from 127.0.0.1:48606
handleMessage 'SEE' '1a15ed29-3582-45cf-a403-55beb787a74d' from 127.0.0.1:48606
sending 'PLAYER WANTS TO SEE;client2' to client1 (127.0.0.1:58736)
sending 'PLAYER WANTS TO SEE;client2' to client2 (127.0.0.1:48606)
sending 'ACTUAL DICE;4,4' to client1 (127.0.0.1:58736)
sending 'ACTUAL DICE;4,4' to client2 (127.0.0.1:48606)
sending 'PLAYER LOST;client1;CAUGHT_BLUFFING' to client1 (127.0.0.1:58736)
sending 'PLAYER LOST;client1;CAUGHT_BLUFFING' to client2 (127.0.0.1:48606)
sending 'SCORE;client1:0,client2:1' to client1 (127.0.0.1:58736)
sending 'SCORE;client1:0,client2:1' to client2 (127.0.0.1:48606)
sending 'ROUND STARTING;370080a0-03af-41b0-8e40-ef46f7fc0e8c' to client1 (127.0.0.1:58736)
sending 'ROUND STARTING;ee9da2d4-0289-46d4-8e46-986cc7771fba' to client2 (127.0.0.1:48606)
[client2] received PLAYER WANTS TO SEE;client2
[client2] received ACTUAL DICE;4,4
[client2] received PLAYER LOST;client1;CAUGHT_BLUFFING
[client2] received SCORE;client1:0,client2:1
[client2] received ROUND STARTING;ee9da2d4-0289-46d4-8e46-986cc7771fba
[client1] received PLAYER WANTS TO SEE;client2
[client1] received ACTUAL DICE;4,4
[client1] received PLAYER LOST;client1;CAUGHT_BLUFFING
[client1] received SCORE;client1:0,client2:1
[client1] received ROUND STARTING;370080a0-03af-41b0-8e40-ef46f7fc0e8c
[client2] waiting for ACTUAL DICE;4,4
[client1] waiting for PLAYER LOST;client1;CAUGHT_BLUFFING
[client2] waiting for PLAYER LOST;client1;CAUGHT_BLUFFING
[client1] waiting for SCORE;client1:0,client2:1
[client2] waiting for SCORE;client1:0,client2:1
[32m.[0m[client1] sending REGISTER;client1
[client1] waiting for REGISTERED
received 'REGISTER;client1' from 127.0.0.1:58834
handleMessage 'REGISTER' 'client1' from 127.0.0.1:58834
sending 'REGISTERED' to client1 (127.0.0.1:58834)
[client1] received REGISTERED
[client2] sending REGISTER;client2
[client2] waiting for REGISTERED
received 'REGISTER;client2' from 127.0.0.1:54254
handleMessage 'REGISTER' 'client2' from 127.0.0.1:54254
sending 'REGISTERED' to client2 (127.0.0.1:54254)
[client2] received REGISTERED
sending 'ROUND STARTING;aadc0bd5-4b25-40f2-8870-a48da07448b5' to client1 (127.0.0.1:58834)
sending 'ROUND STARTING;d294a579-20f4-401a-9375-67c267da4b93' to client2 (127.0.0.1:54254)
[client1] waiting for ROUND STARTING
[client2] received ROUND STARTING;d294a579-20f4-401a-9375-67c267da4b93
[client1] received ROUND STARTING;aadc0bd5-4b25-40f2-8870-a48da07448b5
[client2] waiting for ROUND STARTING
[client1] sending JOIN;aadc0bd5-4b25-40f2-8870-a48da07448b5
[client2] sending JOIN;d294a579-20f4-401a-9375-67c267da4b93
[client1] waiting for YOUR TURN
received 'JOIN;aadc0bd5-4b25-40f2-8870-a48da07448b5' from 127.0.0.1:58834
handleMessage 'JOIN' 'aadc0bd5-4b25-40f2-8870-a48da07448b5' from 127.0.0.1:58834
received 'JOIN;d294a579-20f4-401a-9375-67c267da4b93' from 127.0.0.1:54254
handleMessage 'JOIN' 'd294a579-20f4-401a-9375-67c267da4b93' from 127.0.0.1:54254
sorted players: client1,client2
sending 'ROUND STARTED;1;client1,client2' to client1 (127.0.0.1:58834)
sending 'ROUND STARTED;1;client1,client2' to client2 (127.0.0.1:54254)
sending 'YOUR TURN;2f221a1d-7af0-4848-87dd-d6ebd2cbd357' to client1 (127.0.0.1:58834)
[client2] received ROUND STARTED;1;client1,client2
[client1] received ROUND STARTED;1;client1,client2
[client1] received YOUR TURN;2f221a1d-7af0-4848-87dd-d6ebd2cbd357
[client1] sending SEE;2f221a1d-7af0-4848-87dd-d6ebd2cbd357
[client1] waiting for PLAYER LOST;client1;SEE_BEFORE_FIRST_ROLL
received 'SEE;2f221a1d-7af0-4848-87dd-d6ebd2cbd357' from 127.0.0.1:58834
handleMessage 'SEE' '2f221a1d-7af0-4848-87dd-d6ebd2cbd357' from 127.0.0.1:58834
sending 'PLAYER WANTS TO SEE;client1' to client1 (127.0.0.1:58834)
sending 'PLAYER WANTS TO SEE;client1' to client2 (127.0.0.1:54254)
sending 'PLAYER LOST;client1;SEE_BEFORE_FIRST_ROLL' to client1 (127.0.0.1:58834)
sending 'PLAYER LOST;client1;SEE_BEFORE_FIRST_ROLL' to client2 (127.0.0.1:54254)
sending 'SCORE;client1:0,client2:1' to client1 (127.0.0.1:58834)
sending 'SCORE;client1:0,client2:1' to client2 (127.0.0.1:54254)
sending 'ROUND STARTING;ca09ddbb-9f4e-48a7-9758-b4106e682763' to client1 (127.0.0.1:58834)
sending 'ROUND STARTING;554b763f-e014-42f9-9f7a-b227bdacd8d7' to client2 (127.0.0.1:54254)
[client2] received PLAYER WANTS TO SEE;client1
[client2] received PLAYER LOST;client1;SEE_BEFORE_FIRST_ROLL
[client2] received SCORE;client1:0,client2:1
[client2] received ROUND STARTING;554b763f-e014-42f9-9f7a-b227bdacd8d7
[client1] received PLAYER WANTS TO SEE;client1
[client1] received PLAYER LOST;client1;SEE_BEFORE_FIRST_ROLL
[client1] received SCORE;client1:0,client2:1
[client1] received ROUND STARTING;ca09ddbb-9f4e-48a7-9758-b4106e682763
[client2] waiting for PLAYER LOST;client1;SEE_BEFORE_FIRST_ROLL
[client1] waiting for SCORE;client1:0,client2:1
[client2] waiting for SCORE;client1:0,client2:1
[client1] waiting for ROUND STARTING
[client2] waiting for ROUND STARTING
[client1] sending JOIN;ca09ddbb-9f4e-48a7-9758-b4106e682763
[client2] sending JOIN;554b763f-e014-42f9-9f7a-b227bdacd8d7
[client1] waiting for YOUR TURN
received 'JOIN;ca09ddbb-9f4e-48a7-9758-b4106e682763' from 127.0.0.1:58834
handleMessage 'JOIN' 'ca09ddbb-9f4e-48a7-9758-b4106e682763' from 127.0.0.1:58834
received 'JOIN;554b763f-e014-42f9-9f7a-b227bdacd8d7' from 127.0.0.1:54254
handleMessage 'JOIN' '554b763f-e014-42f9-9f7a-b227bdacd8d7' from 127.0.0.1:54254
sorted players: client1,client2
sending 'ROUND STARTED;2;client1,client2' to client1 (127.0.0.1:58834)
sending 'ROUND STARTED;2;client1,client2' to client2 (127.0.0.1:54254)
sending 'YOUR TURN;a652b3a2-a14b-45d7-9dcb-32c24fd85160' to client1 (127.0.0.1:58834)
[client2] received ROUND STARTED;2;client1,client2
[client1] received ROUND STARTED;2;client1,client2
[client1] received YOUR TURN;a652b3a2-a14b-45d7-9dcb-32c24fd85160
[client1] sending SEE;a652b3a2-a14b-45d7-9dcb-32c24fd85160
[client1] waiting for PLAYER LOST;client1;SEE_BEFORE_FIRST_ROLL
received 'SEE;a652b3a2-a14b-45d7-9dcb-32c24fd85160' from 127.0.0.1:58834
handleMessage 'SEE' 'a652b3a2-a14b-45d7-9dcb-32c24fd85160' from 127.0.0.1:58834
sending 'PLAYER WANTS TO SEE;client1' to client1 (127.0.0.1:58834)
sending 'PLAYER WANTS TO SEE;client1' to client2 (127.0.0.1:54254)
sending 'PLAYER LOST;client1;SEE_BEFORE_FIRST_ROLL' to client1 (127.0.0.1:58834)
sending 'PLAYER LOST;client1;SEE_BEFORE_FIRST_ROLL' to client2 (127.0.0.1:54254)
sending 'SCORE;client1:0,client2:2' to client1 (127.0.0.1:58834)
sending 'SCORE;client1:0,client2:2' to client2 (127.0.0.1:54254)
sending 'ROUND STARTING;186f9d92-a8c2-488f-ad39-5056a981d896' to client1 (127.0.0.1:58834)
sending 'ROUND STARTING;f402eebf-383f-4e1d-97b7-cf1ed87a61d6' to client2 (127.0.0.1:54254)
[client2] received PLAYER WANTS TO SEE;client1
[client2] received PLAYER LOST;client1;SEE_BEFORE_FIRST_ROLL
[client2] received SCORE;client1:0,client2:2
[client2] received ROUND STARTING;f402eebf-383f-4e1d-97b7-cf1ed87a61d6
[client1] received PLAYER WANTS TO SEE;client1
[client1] received PLAYER LOST;client1;SEE_BEFORE_FIRST_ROLL
[client1] received SCORE;client1:0,client2:2
[client1] received ROUND STARTING;186f9d92-a8c2-488f-ad39-5056a981d896
[client2] waiting for PLAYER LOST;client1;SEE_BEFORE_FIRST_ROLL
[client1] waiting for SCORE;client1:0,client2:2
[client2] waiting for SCORE;client1:0,client2:2
[32m.[0m[client1] sending REGISTER;client1
[client1] waiting for REGISTERED
received 'REGISTER;client1' from 127.0.0.1:34591
handleMessage 'REGISTER' 'client1' from 127.0.0.1:34591
sending 'REGISTERED' to client1 (127.0.0.1:34591)
[client1] received REGISTERED
[client2] sending REGISTER;client2
[client2] waiting for REGISTERED
received 'REGISTER;client2' from 127.0.0.1:38304
handleMessage 'REGISTER' 'client2' from 127.0.0.1:38304
sending 'REGISTERED' to client2 (127.0.0.1:38304)
[client2] received REGISTERED
[client3] sending REGISTER;client3
[client3] waiting for REGISTERED
received 'REGISTER;client3' from 127.0.0.1:36310
handleMessage 'REGISTER' 'client3' from 127.0.0.1:36310
sending 'REGISTERED' to client3 (127.0.0.1:36310)
[client3] received REGISTERED
sending 'ROUND STARTING;4c0a586a-787e-4e67-a1c9-6e85e0d57ad7' to client1 (127.0.0.1:34591)
sending 'ROUND STARTING;3bc6251c-8a8a-4f41-b8da-87a2ea863f2d' to client2 (127.0.0.1:38304)
sending 'ROUND STARTING;c404962a-645c-4d93-8314-628f3f75d7f5' to client3 (127.0.0.1:36310)
[client1] waiting for ROUND STARTING
[client3] received ROUND STARTING;c404962a-645c-4d93-8314-628f3f75d7f5
[client2] received ROUND STARTING;3bc6251c-8a8a-4f41-b8da-87a2ea863f2d
[client1] received ROUND STARTING;4c0a586a-787e-4e67-a1c9-6e85e0d57ad7
[client2] waiting for ROUND STARTING
[client3] waiting for ROUND STARTING
[client1] sending JOIN;4c0a586a-787e-4e67-a1c9-6e85e0d57ad7
[client2] sending JOIN;3bc6251c-8a8a-4f41-b8da-87a2ea863f2d
[client3] sending JOIN;c404962a-645c-4d93-8314-628f3f75d7f5
[client1] waiting for YOUR TURN
received 'JOIN;3bc6251c-8a8a-4f41-b8da-87a2ea863f2d' from 127.0.0.1:38304
handleMessage 'JOIN' '3bc6251c-8a8a-4f41-b8da-87a2ea863f2d' from 127.0.0.1:38304
received 'JOIN;4c0a586a-787e-4e67-a1c9-6e85e0d57ad7' from 127.0.0.1:34591
handleMessage 'JOIN' '4c0a586a-787e-4e67-a1c9-6e85e0d57ad7' from 127.0.0.1:34591
received 'JOIN;c404962a-645c-4d93-8314-628f3f75d7f5' from 127.0.0.1:36310
handleMessage 'JOIN' 'c404962a-645c-4d93-8314-628f3f75d7f5' from 127.0.0.1:36310
sorted players: client1,client2,client3
sending 'ROUND STARTED;1;client1,client2,client3' to client1 (127.0.0.1:34591)
sending 'ROUND STARTED;1;client1,client2,client3' to client2 (127.0.0.1:38304)
sending 'ROUND STARTED;1;client1,client2,client3' to client3 (127.0.0.1:36310)
sending 'YOUR TURN;3b769a1d-3ccc-4db4-8d47-beffcac1b37c' to client1 (127.0.0.1:34591)
[client3] received ROUND STARTED;1;client1,client2,client3
[client2] received ROUND STARTED;1;client1,client2,client3
[client1] received ROUND STARTED;1;client1,client2,client3
[client1] received YOUR TURN;3b769a1d-3ccc-4db4-8d47-beffcac1b37c
[client1] sending ROLL;3b769a1d-3ccc-4db4-8d47-beffcac1b37c
[client1] waiting for ROLLED;2,1
received 'ROLL;3b769a1d-3ccc-4db4-8d47-beffcac1b37c' from 127.0.0.1:34591
handleMessage 'ROLL' '3b769a1d-3ccc-4db4-8d47-beffcac1b37c' from 127.0.0.1:34591
sending 'PLAYER ROLLS;client1' to client1 (127.0.0.1:34591)
sending 'PLAYER ROLLS;client1' to client2 (127.0.0.1:38304)
sending 'PLAYER ROLLS;client1' to client3 (127.0.0.1:36310)
sending 'ROLLED;2,1;47cc1281-5682-4fc4-8dc0-19b51bf975b5' to client1 (127.0.0.1:34591)
[client3] received PLAYER ROLLS;client1
[client2] received PLAYER ROLLS;client1
[client1] received PLAYER ROLLS;client1
[client1] received ROLLED;2,1;47cc1281-5682-4fc4-8dc0-19b51bf975b5
[client1] sending ANNOUNCE;2,1;47cc1281-5682-4fc4-8dc0-19b51bf975b5
[client1] waiting for ANNOUNCED;client1;2,1
received 'ANNOUNCE;2,1;47cc1281-5682-4fc4-8dc0-19b51bf975b5' from 127.0.0.1:34591
handleMessage 'ANNOUNCE' '2,1,47cc1281-5682-4fc4-8dc0-19b51bf975b5' from 127.0.0.1:34591
sending 'ANNOUNCED;client1;2,1' to client1 (127.0.0.1:34591)
sending 'ANNOUNCED;client1;2,1' to client2 (127.0.0.1:38304)
sending 'ANNOUNCED;client1;2,1' to client3 (127.0.0.1:36310)
sending 'ACTUAL DICE;2,1' to client1 (127.0.0.1:34591)
sending 'ACTUAL DICE;2,1' to client2 (127.0.0.1:38304)
sending 'ACTUAL DICE;2,1' to client3 (127.0.0.1:36310)
sending 'PLAYER LOST;client2,client3;MIA' to client1 (127.0.0.1:34591)
sending 'PLAYER LOST;client2,client3;MIA' to client2 (127.0.0.1:38304)
sending 'PLAYER LOST;client2,client3;MIA' to client3 (127.0.0.1:36310)
sending 'SCORE;client1:1,client2:0,client3:0' to client1 (127.0.0.1:34591)
sending 'SCORE;client1:1,client2:0,client3:0' to client2 (127.0.0.1:38304)
sending 'SCORE;client1:1,client2:0,client3:0' to client3 (127.0.0.1:36310)
sending 'ROUND STARTING;3edcdafe-d95d-49b4-af1d-5d0a2c349f7f' to client1 (127.0.0.1:34591)
sending 'ROUND STARTING;ef760161-7595-445d-ba7b-3962a4c5242e' to client2 (127.0.0.1:38304)
sending 'ROUND STARTING;4dbace39-1229-4ace-ba21-6bd835329e09' to client3 (127.0.0.1:36310)
[client3] received ANNOUNCED;client1;2,1
[client3] received ACTUAL DICE;2,1
[client3] received PLAYER LOST;client2,client3;MIA
[client3] received SCORE;client1:1,client2:0,client3:0
[client3] received ROUND STARTING;4dbace39-1229-4ace-ba21-6bd835329e09
[client2] received ANNOUNCED;client1;2,1
[client2] received ACTUAL DICE;2,1
[client2] received PLAYER LOST;client2,client3;MIA
[client2] received SCORE;client1:1,client2:0,client3:0
[client2] received ROUND STARTING;ef760161-7595-445d-ba7b-3962a4c5242e
[client1] received ANNOUNCED;client1;2,1
[client1] received ACTUAL DICE;2,1
[client1] received PLAYER LOST;client2,client3;MIA
[client1] received SCORE;client1:1,client2:0,client3:0
[client1] received ROUND STARTING;3edcdafe-d95d-49b4-af1d-5d0a2c349f7f
[client2] waiting for ANNOUNCED;client1;2,1
[client3] waiting for ANNOUNCED;client1;2,1
[client1] waiting for ACTUAL DICE;2,1
[client2] waiting for ACTUAL DICE;2,1
[client3] waiting for ACTUAL DICE;2,1
[client1] waiting for PLAYER LOST;client2,client3;MIA
[client2] waiting for PLAYER LOST;client2,client3;MIA
[client3] waiting for PLAYER LOST;client2,client3;MIA
[client1] waiting for SCORE;client1:1,client2:0,client3:0
[client2] waiting for SCORE;client1:1,client2:0,client3:0
[client3] waiting for SCORE;client1:1,client2:0,client3:0
[32m.[0m[client1] sending REGISTER;client1
[client1] waiting for REGISTERED
received 'REGISTER;client1' from 127.0.0.1:45462
handleMessage 'REGISTER' 'client1' from 127.0.0.1:45462
sending 'REGISTERED' to client1 (127.0.0.1:45462)
[client1] received REGISTERED
[client2] sending REGISTER;client2
[client2] waiting for REGISTERED
received 'REGISTER;client2' from 127.0.0.1:49091
handleMessage 'REGISTER' 'client2' from 127.0.0.1:49091
sending 'REGISTERED' to client2 (127.0.0.1:49091)
[client2] received REGISTERED
[client3] sending REGISTER;client3
[client3] waiting for REGISTERED
received 'REGISTER;client3' from 127.0.0.1:40659
handleMessage 'REGISTER' 'client3' from 127.0.0.1:40659
sending 'REGISTERED' to client3 (127.0.0.1:40659)
[client3] received REGISTERED
sending 'ROUND STARTING;b99efe59-68ce-4a9b-bdb9-a034e5a0216a' to client1 (127.0.0.1:45462)
sending 'ROUND STARTING;bd52063e-2d76-4512-953f-d272bb943ed2' to client2 (127.0.0.1:49091)
sending 'ROUND STARTING;a15c0f89-0986-4579-a6c6-1a2f32f19c30' to client3 (127.0.0.1:40659)
[client1] waiting for ROUND STARTING
[client3] received ROUND STARTING;a15c0f89-0986-4579-a6c6-1a2f32f19c30
[client2] received ROUND STARTING;bd52063e-2d76-4512-953f-d272bb943ed2
[client1] received ROUND STARTING;b99efe59-68ce-4a9b-bdb9-a034e5a0216a
[client2] waiting for ROUND STARTING
[client3] waiting for ROUND STARTING
[client1] sending JOIN;b99efe59-68ce-4a9b-bdb9-a034e5a0216a
[client2] sending JOIN;bd52063e-2d76-4512-953f-d272bb943ed2
[client3] sending JOIN;a15c0f89-0986-4579-a6c6-1a2f32f19c30
[client1] waiting for YOUR TURN
received 'JOIN;bd52063e-2d76-4512-953f-d272bb943ed2' from 127.0.0.1:49091
handleMessage 'JOIN' 'bd52063e-2d76-4512-953f-d272bb943ed2' from 127.0.0.1:49091
received 'JOIN;b99efe59-68ce-4a9b-bdb9-a034e5a0216a' from 127.0.0.1:45462
handleMessage 'JOIN' 'b99efe59-68ce-4a9b-bdb9-a034e5a0216a' from 127.0.0.1:45462
received 'JOIN;a15c0f89-0986-4579-a6c6-1a2f32f19c30' from 127.0.0.1:40659
handleMessage 'JOIN' 'a15c0f89-0986-4579-a6c6-1a2f32f19c30' from 127.0.0.1:40659
sorted players: client1,client2,client3
sending 'ROUND STARTED;1;client1,client2,client3' to client1 (127.0.0.1:45462)
sending 'ROUND STARTED;1;client1,client2,client3' to client2 (127.0.0.1:49091)
sending 'ROUND STARTED;1;client1,client2,client3' to client3 (127.0.0.1:40659)
sending 'YOUR TURN;2e5917ce-d397-4c8f-bf83-2a1efcce9df4' to client1 (127.0.0.1:45462)
[client3] received ROUND STARTED;1;client1,client2,client3
[client2] received ROUND STARTED;1;client1,client2,client3
[client1] received ROUND STARTED;1;client1,client2,client3
[client1] received YOUR TURN;2e5917ce-d397-4c8f-bf83-2a1efcce9df4
[client1] sending ROLL;2e5917ce-d397-4c8f-bf83-2a1efcce9df4
[client1] waiting for ROLLED;3,1
received 'ROLL;2e5917ce-d397-4c8f-bf83-2a1efcce9df4' from 127.0.0.1:45462
handleMessage 'ROLL' '2e5917ce-d397-4c8f-bf83-2a1efcce9df4' from 127.0.0.1:45462
sending 'PLAYER ROLLS;client1' to client1 (127.0.0.1:45462)
sending 'PLAYER ROLLS;client1' to client2 (127.0.0.1:49091)
sending 'PLAYER ROLLS;client1' to client3 (127.0.0.1:40659)
sending 'ROLLED;3,1;7967375f-2fed-48a6-8b4e-fff39a6441a1' to client1 (127.0.0.1:45462)
[client3] received PLAYER ROLLS;client1
[client2] received PLAYER ROLLS;client1
[client1] received PLAYER ROLLS;client1
[client1] received ROLLED;3,1;7967375f-2fed-48a6-8b4e-fff39a6441a1
[client1] sending ANNOUNCE;2,1;7967375f-2fed-48a6-8b4e-fff39a6441a1
[client1] waiting for ANNOUNCED;client1;2,1
received 'ANNOUNCE;2,1;7967375f-2fed-48a6-8b4e-fff39a6441a1' from 127.0.0.1:45462
handleMessage 'ANNOUNCE' '2,1,7967375f-2fed-48a6-8b4e-fff39a6441a1' from 127.0.0.1:45462
sending 'ANNOUNCED;client1;2,1' to client1 (127.0.0.1:45462)
sending 'ANNOUNCED;client1;2,1' to client2 (127.0.0.1:49091)
sending 'ANNOUNCED;client1;2,1' to client3 (127.0.0.1:40659)
sending 'ACTUAL DICE;3,1' to client1 (127.0.0.1:45462)
sending 'ACTUAL DICE;3,1' to client2 (127.0.0.1:49091)
sending 'ACTUAL DICE;3,1' to client3 (127.0.0.1:40659)
sending 'PLAYER LOST;client1;LIED_ABOUT_MIA' to client1 (127.0.0.1:45462)
sending 'PLAYER LOST;client1;LIED_ABOUT_MIA' to client2 (127.0.0.1:49091)
sending 'PLAYER LOST;client1;LIED_ABOUT_MIA' to client3 (127.0.0.1:40659)
sending 'SCORE;client1:0,client2:1,client3:1' to client1 (127.0.0.1:45462)
sending 'SCORE;client1:0,client2:1,client3:1' to client2 (127.0.0.1:49091)
sending 'SCORE;client1:0,client2:1,client3:1' to client3 (127.0.0.1:40659)
sending 'ROUND STARTING;788f870e-12b5-427e-b6d1-28d330318800' to client1 (127.0.0.1:45462)
sending 'ROUND STARTING;7f5a35e5-25d6-424f-9ff4-af0783097088' to client2 (127.0.0.1:49091)
sending 'ROUND STARTING;567ce938-f2d0-4b1f-803d-930f0f4398cc' to client3 (127.0.0.1:40659)
[client3] received ANNOUNCED;client1;2,1
[client3] received ACTUAL DICE;3,1
[client3] received PLAYER LOST;client1;LIED_ABOUT_MIA
[client3] received SCORE;client1:0,client2:1,client3:1
[client3] received ROUND STARTING;567ce938-f2d0-4b1f-803d-930f0f4398cc
[client2] received ANNOUNCED;client1;2,1
[client2] received ACTUAL DICE;3,1
[client2] received PLAYER LOST;client1;LIED_ABOUT_MIA
[client2] received SCORE;client1:0,client2:1,client3:1
[client2] received ROUND STARTING;7f5a35e5-25d6-424f-9ff4-af0783097088
[client1] received ANNOUNCED;client1;2,1
[client1] received ACTUAL DICE;3,1
[client1] received PLAYER LOST;client1;LIED_ABOUT_MIA
[client1] received SCORE;client1:0,client2:1,client3:1
[client1] received ROUND STARTING;788f870e-12b5-427e-b6d1-28d330318800
[client2] waiting for ANNOUNCED;client1;2,1
[client3] waiting for ANNOUNCED;client1;2,1
[client1] waiting for ACTUAL DICE;3,1
[client2] waiting for ACTUAL DICE;3,1
[client3] waiting for ACTUAL DICE;3,1
[client1] waiting for PLAYER LOST;client1;LIED_ABOUT_MIA
[client2] waiting for PLAYER LOST;client1;LIED_ABOUT_MIA
[client3] waiting for PLAYER LOST;client1;LIED_ABOUT_MIA
[client1] waiting for SCORE;client1:0,client2:1,client3:1
[client2] waiting for SCORE;client1:0,client2:1,client3:1
[client3] waiting for SCORE;client1:0,client2:1,client3:1
[32m.[0m[32m.[0m[32m.[0m[32m.[0m[32m.[0m[32m.[0m[32m.[0m[32m.[0m[32m.[0m[32m.[0m[32m.[0m[32m.[0m[32m.[0m[32m.[0m[32m.[0m[32m.[0m[32m.[0m[32m.[0m
[32m.[0m[32m.[0m[32m.[0m[32m.[0m[32m.[0m[32m.[0m[32m.[0m[32m.[0m[32m.[0m[32m.[0m[32m.[0m[32m.[0m[32m.[0m[32m.[0m[32m.[0m[32m.[0m[32m.[0m[32m.[0m[32m.[0m[32m.[0m[32m.[0m[32m.[0m[32m.[0m[32m.[0m[32m.[0m[32m.[0m[32m.[0m[32m.[0m[32m.[0m[32m.[0m[32m.[0m[32m.[0m[32m.[0m[32m.[0m[32m.[0m[32m.[0m[32m.[0m[32m.[0m[32m.[0m[32m.[0m[32m.[0m[32m.[0m[32m.[0m[32m.[0m[32m.[0m[32m.[0m[32m.[0m[32m.[0m[32m.[0m[32m.[0m[32m.[0m
[32m.[0m[32m.[0m[32m.[0m[32m.[0m[32m.[0m[32m.[0m[32m.[0m[32m.[0m[32m.[0m[32m.[0m[32m.[0m[32m.[0m[32m.[0m[32m.[0m[32m.[0m[32m.[0m[32m.[0m[32m.[0m[32m.[0m[32m.[0m[32m.[0m[32m.[0m[32m.[0m[32m.[0m[32m.[0m[32m.[0m[32m.[0m[32m.[0m[32m.[0m[32m.[0m[32m.[0m[32m.[0m[32m.[0m[32m.[0m[32m.[0m[32m.[0m

Finished in 1.232 seconds
[32m37 tests, 222 assertions, 0 failures
[0m

